[
    {
        "src": "test/golden/fail/address.sol:9:22:9:40",
        "type": "Error",
        "message": "unsupported expression: `_reference.balance`"
    },
    {
        "src": "test/golden/fail/address.sol:14:16:14:30",
        "type": "Error",
        "message": "unsupported expression: `_other.balance`"
    },
    {
        "src": "test/golden/fail/address.sol:22:19:22:34",
        "type": "Error",
        "message": "unsupported type: `address payable`"
    },
    {
        "src": "test/golden/fail/address.sol:27:19:27:34",
        "type": "Error",
        "message": "unsupported type: `address payable`"
    }
]