[
    {
        "src": "test/golden/fail/fail1.sol:3:1:7:2",
        "type": "Error",
        "message": "unsupported contract definition `ContractDefinition`"
    },
    {
        "src": "test/golden/fail/fail1.sol:16:1:21:2",
        "type": "Error",
        "message": "unsupported contract definition `ContractDefinition`"
    },
    {
        "src": "test/golden/fail/fail1.sol:27:6:33:6",
        "type": "Error",
        "message": "unsupported contract part `ContractPartEnumDefinition`"
    },
    {
        "src": "test/golden/fail/fail1.sol:39:5:39:11",
        "type": "Error",
        "message": "array length should be explicitly specified"
    },
    {
        "src": "test/golden/fail/fail1.sol:46:5:52:6",
        "type": "Error",
        "message": "unsupported contract part `ContractPartModifierDefinition`"
    },
    {
        "src": "test/golden/fail/fail1.sol:59:5:61:6",
        "type": "Error",
        "message": "duplicate function name `myFunc` in contract"
    },
    {
        "src": "test/golden/fail/fail1.sol:79:5:79:23",
        "type": "Error",
        "message": "unsupported state variable with init value"
    },
    {
        "src": "test/golden/fail/fail1.sol:81:26:81:34",
        "type": "Error",
        "message": "unsupported expression: `msg.data`"
    },
    {
        "src": "test/golden/fail/fail1.sol:83:19:83:28",
        "type": "Error",
        "message": "unsupported expression : `Literal`"
    },
    {
        "src": "test/golden/fail/fail1.sol:84:19:84:28",
        "type": "Error",
        "message": "unsupported function call : `type`"
    },
    {
        "src": "test/golden/fail/fail1.sol:85:18:85:30",
        "type": "Error",
        "message": "unsupported expression: `block.number`"
    },
    {
        "src": "test/golden/fail/fail1.sol:87:21:87:30",
        "type": "Error",
        "message": "unsupported expression: `tx.origin`"
    },
    {
        "src": "test/golden/fail/fail1.sol:89:9:89:24",
        "type": "Error",
        "message": "unsupported function call : `addmod`"
    },
    {
        "src": "test/golden/fail/fail1.sol:91:9:91:24",
        "type": "Error",
        "message": "unsupported function call : `mulmod`"
    },
    {
        "src": "test/golden/fail/fail1.sol:93:9:93:25",
        "type": "Error",
        "message": "unsupported SimpleStatementVariableAssignmentList"
    },
    {
        "src": "test/golden/fail/fail1.sol:95:19:95:26",
        "type": "Error",
        "message": "unsupported expression : `New`"
    },
    {
        "src": "test/golden/fail/fail1.sol:95:9:95:12",
        "type": "Error",
        "message": "unsupported type `TypeNameUserDefinedTypeName`"
    },
    {
        "src": "test/golden/fail/fail1.sol:95:9:95:39",
        "type": "Error",
        "message": "unsupported SimpleStatementVariableDeclarationList"
    },
    {
        "src": "test/golden/fail/fail1.sol:98:9:100:10",
        "type": "Error",
        "message": "unsupported statement `WhileStatement`"
    },
    {
        "src": "test/golden/fail/fail1.sol:102:9:111:10",
        "type": "Error",
        "message": "unsupported statement `ForStatement`"
    },
    {
        "src": "test/golden/fail/fail1.sol:118:24:118:26",
        "type": "Error",
        "message": "unsupported binary operator `**`"
    },
    {
        "src": "test/golden/fail/fail1.sol:119:9:119:43",
        "type": "Error",
        "message": "unsupported function call : `keccak256`"
    },
    {
        "src": "test/golden/fail/fail1.sol:123:26:123:41",
        "type": "Error",
        "message": "unsupported type `TypeNameElementaryTypeName`"
    }
]