[
    {
        "src": "test/golden/fail/struct.sol:10:5:10:39",
        "type": "Error",
        "message": "unsupported struct definition with mapping field"
    },
    {
        "src": "test/golden/fail/struct.sol:15:5:17:6",
        "type": "Error",
        "message": "struct `ST` already defined"
    },
    {
        "src": "test/golden/fail/struct.sol:21:5:24:6",
        "type": "Error",
        "message": "struct `ST` already defined"
    }
]