[
    {
        "src": "test/golden/fail/vote.sol:28:5:28:15",
        "type": "Error",
        "message": "array length should be explicitly specified"
    },
    {
        "src": "test/golden/fail/vote.sol:31:17:31:26",
        "type": "Error",
        "message": "array length should be explicitly specified"
    }
]